<?xml version="1.0" encoding="utf-8"?><testsuites name="pytest tests"><testsuite name="pytest" errors="0" failures="0" skipped="0" tests="232" time="2.970" timestamp="2026-02-24T16:35:03.326764+00:00" hostname="devbox"><testcase classname="tests.e2e.test_engine_integration" name="test_engine_integration_workflow" time="0.038" /><testcase classname="tests.e2e.test_engine_integration" name="test_engine_integration_lammps_failure" time="0.011" /><testcase classname="tests.e2e.test_orchestrator" name="test_orchestrator_initialization" time="0.007" /><testcase classname="tests.e2e.test_orchestrator" name="test_integration_workflow_complete" time="0.177" /><testcase classname="tests.e2e.test_orchestrator" name="test_orchestrator_checkpointing" time="0.008" /><testcase classname="tests.e2e.test_orchestrator" name="test_orchestrator_corrupted_state_file" time="0.005" /><testcase classname="tests.e2e.test_orchestrator" name="test_orchestrator_directory_creation_error" time="0.009" /><testcase classname="tests.e2e.test_orchestrator" name="test_orchestrator_error_handling_generator" time="0.015" /><testcase classname="tests.e2e.test_orchestrator" name="test_orchestrator_error_handling_oracle_stream" time="0.017" /><testcase classname="tests.e2e.test_orchestrator_loop" name="test_cold_start" time="0.020" /><testcase classname="tests.e2e.test_orchestrator_loop" name="test_resume_capability" time="0.008" /><testcase classname="tests.e2e.test_orchestrator_loop" name="test_run_loop_iteration_halt" time="0.029" /><testcase classname="tests.e2e.test_orchestrator_refinement" name="test_orchestrator_refinement_logic" time="0.030" /><testcase classname="tests.e2e.test_orchestrator_refinement" name="test_orchestrator_refinement_extraction_failure" time="0.009" /><testcase classname="tests.integration.test_pacemaker_integration" name="test_pacemaker_integration_full_flow" time="0.027" /><testcase classname="tests.integration.test_pacemaker_integration" name="test_pacemaker_integration_failure_handling" time="0.015" /><testcase classname="tests.uat.test_cycle01_uat" name="test_scenario_01_01_hello_config" time="0.020" /><testcase classname="tests.uat.test_cycle01_uat" name="test_scenario_01_02_guardrails_check_temp" time="0.004" /><testcase classname="tests.uat.test_cycle01_uat" name="test_scenario_01_02_guardrails_check_cutoff" time="0.003" /><testcase classname="tests.uat.test_cycle02_uat" name="test_uat_02_01_single_point_calculation" time="0.009" /><testcase classname="tests.uat.test_cycle02_uat" name="test_uat_02_02_self_healing" time="0.007" /><testcase classname="tests.uat.test_cycle03_uat" name="test_uat_03_01_generate_candidates" time="0.004" /><testcase classname="tests.uat.test_cycle03_uat" name="test_uat_03_02_defect_generation" time="0.005" /><testcase classname="tests.uat.test_cycle04_uat" name="test_uat_fit_potential" time="0.008" /><testcase classname="tests.uat.test_cycle04_uat" name="test_uat_fit_potential_failure" time="0.011" /><testcase classname="tests.uat.test_cycle04_uat" name="test_uat_active_set_selection" time="0.019" /><testcase classname="tests.uat.test_cycle06_uat" name="test_scenario_06_01_active_learning_campaign" time="0.042" /><testcase classname="tests.uat.test_cycle06_uat" name="test_scenario_06_02_resume_capability" time="0.027" /><testcase classname="tests.uat.test_cycle07_uat" name="test_uat_07_01_validate_potential_pass" time="0.006" /><testcase classname="tests.uat.test_cycle07_uat" name="test_uat_07_02_unstable_detection" time="0.007" /><testcase classname="tests.unit.test_active_set" name="test_select_active_set_io_streaming_batched" time="0.019" /><testcase classname="tests.unit.test_active_set" name="test_select_active_set_write_fail" time="0.008" /><testcase classname="tests.unit.test_active_set" name="test_select_active_set_partial_failure" time="0.015" /><testcase classname="tests.unit.test_active_set" name="test_select_active_set_process_fail" time="0.014" /><testcase classname="tests.unit.test_active_set" name="test_active_set_path_validation_strict" time="0.004" /><testcase classname="tests.unit.test_active_set_anchor" name="test_select_with_anchor_basic" time="0.013" /><testcase classname="tests.unit.test_active_set_anchor" name="test_select_with_anchor_only_one" time="0.004" /><testcase classname="tests.unit.test_active_set_anchor" name="test_validate_path_resolution_safety" time="0.004" /><testcase classname="tests.unit.test_active_set_anchor" name="test_validate_path_invalid_chars" time="0.001" /><testcase classname="tests.unit.test_delta" name="test_get_lj_params_known_element" time="0.001" /><testcase classname="tests.unit.test_delta" name="test_get_lj_params_unknown_element_fallback" time="0.001" /><testcase classname="tests.unit.test_delta" name="test_zbl_energy_repulsive" time="0.001" /><testcase classname="tests.unit.test_delta" name="test_zbl_energy_zero_at_cutoff" time="0.001" /><testcase classname="tests.unit.test_domain_models" name="test_structure_config_valid" time="0.001" /><testcase classname="tests.unit.test_domain_models" name="test_structure_config_invalid_element" time="0.003" /><testcase classname="tests.unit.test_domain_models" name="test_structure_config_duplicates" time="0.003" /><testcase classname="tests.unit.test_domain_models" name="test_structure_config_invalid_supercell" time="0.001" /><testcase classname="tests.unit.test_domain_models" name="test_structure_config_policy" time="0.001" /><testcase classname="tests.unit.test_domain_models" name="test_dft_config_valid" time="0.003" /><testcase classname="tests.unit.test_domain_models" name="test_training_config_valid" time="0.001" /><testcase classname="tests.unit.test_domain_models" name="test_md_config_valid" time="0.001" /><testcase classname="tests.unit.test_domain_models" name="test_workflow_config_valid" time="0.001" /><testcase classname="tests.unit.test_domain_models" name="test_workflow_config_default" time="0.001" /><testcase classname="tests.unit.test_domain_models" name="test_logging_config_valid" time="0.001" /><testcase classname="tests.unit.test_domain_models" name="test_pyace_config_valid" time="0.003" /><testcase classname="tests.unit.test_domain_models_dft" name="test_dft_config_full_valid" time="0.003" /><testcase classname="tests.unit.test_domain_models_dft" name="test_dft_config_defaults" time="0.003" /><testcase classname="tests.unit.test_domain_models_dft" name="test_dft_config_invalid_mixing_beta[1.5]" time="0.003" /><testcase classname="tests.unit.test_domain_models_dft" name="test_dft_config_invalid_mixing_beta[-0.1]" time="0.003" /><testcase classname="tests.unit.test_domain_models_dft" name="test_dft_config_invalid_mixing_beta[0.0]" time="0.003" /><testcase classname="tests.unit.test_domain_models_dft" name="test_dft_config_invalid_smearing_width[-0.1]" time="0.003" /><testcase classname="tests.unit.test_domain_models_dft" name="test_dft_config_invalid_smearing_width[0.0]" time="0.003" /><testcase classname="tests.unit.test_domain_models_dft" name="test_dft_config_extra_forbid" time="0.003" /><testcase classname="tests.unit.test_domain_models_dft" name="test_dft_config_empty_pseudopotential" time="0.001" /><testcase classname="tests.unit.test_domain_models_dft" name="test_dft_config_external_paths" time="0.003" /><testcase classname="tests.unit.test_domain_models_dft" name="test_dft_config_symlinks_forbidden" time="0.006" /><testcase classname="tests.unit.test_domain_models_dft" name="test_dft_config_file_not_found" time="0.006" /><testcase classname="tests.unit.test_domain_models_dft" name="test_dft_config_embedding_buffer" time="0.003" /><testcase classname="tests.unit.test_domain_models_eon" name="test_eon_config_valid" time="0.001" /><testcase classname="tests.unit.test_domain_models_eon" name="test_eon_config_defaults" time="0.001" /><testcase classname="tests.unit.test_domain_models_eon" name="test_eon_config_invalid_temp" time="0.001" /><testcase classname="tests.unit.test_domain_models_eon" name="test_eon_config_invalid_confidence" time="0.001" /><testcase classname="tests.unit.test_domain_models_eon" name="test_eon_config_extra_field" time="0.001" /><testcase classname="tests.unit.test_domain_models_md" name="test_hybrid_params_valid" time="0.001" /><testcase classname="tests.unit.test_domain_models_md" name="test_hybrid_params_invalid" time="0.001" /><testcase classname="tests.unit.test_domain_models_md" name="test_md_config_valid" time="0.001" /><testcase classname="tests.unit.test_domain_models_md" name="test_md_config_with_hybrid_params" time="0.001" /><testcase classname="tests.unit.test_domain_models_md" name="test_md_config_invalid_temperature" time="0.001" /><testcase classname="tests.unit.test_domain_models_md" name="test_md_config_invalid_steps" time="0.001" /><testcase classname="tests.unit.test_domain_models_md" name="test_md_simulation_result_valid" time="0.001" /><testcase classname="tests.unit.test_domain_models_md" name="test_md_simulation_result_halted" time="0.001" /><testcase classname="tests.unit.test_domain_models_scenario" name="test_scenario_config_valid" time="0.001" /><testcase classname="tests.unit.test_domain_models_scenario" name="test_scenario_config_defaults" time="0.001" /><testcase classname="tests.unit.test_domain_models_scenario" name="test_scenario_config_invalid_name" time="0.001" /><testcase classname="tests.unit.test_domain_models_scenario" name="test_scenario_config_invalid_count" time="0.001" /><testcase classname="tests.unit.test_domain_models_scenario" name="test_scenario_config_extra_field" time="0.001" /><testcase classname="tests.unit.test_domain_models_training" name="test_training_config_defaults" time="0.001" /><testcase classname="tests.unit.test_domain_models_training" name="test_training_config_filename_validation" time="0.001" /><testcase classname="tests.unit.test_domain_models_training" name="test_training_config_active_set_size_valid" time="0.001" /><testcase classname="tests.unit.test_domain_models_training" name="test_training_config_active_set_size_invalid_zero" time="0.001" /><testcase classname="tests.unit.test_domain_models_training" name="test_training_config_active_set_size_invalid_negative" time="0.001" /><testcase classname="tests.unit.test_domain_models_training" name="test_training_config_active_set_required" time="0.004" /><testcase classname="tests.unit.test_domain_models_training" name="test_pacemaker_config_custom_values" time="0.001" /><testcase classname="tests.unit.test_domain_models_validation" name="test_validation_config_defaults" time="0.001" /><testcase classname="tests.unit.test_domain_models_validation" name="test_validation_config_custom" time="0.001" /><testcase classname="tests.unit.test_domain_models_validation" name="test_validation_result_valid" time="0.001" /><testcase classname="tests.unit.test_domain_models_validation" name="test_validation_result_missing_fields" time="0.002" /><testcase classname="tests.unit.test_elastic.TestElasticCalculator" name="test_check_born_stability_cubic_stable" time="0.001" /><testcase classname="tests.unit.test_elastic.TestElasticCalculator" name="test_check_born_stability_cubic_unstable" time="0.001" /><testcase classname="tests.unit.test_elastic.TestElasticCalculator" name="test_calculate_bulk_modulus" time="0.001" /><testcase classname="tests.unit.test_elastic.TestElasticCalculator" name="test_calculate_voigt_reuss_hill" time="0.001" /><testcase classname="tests.unit.test_embedding" name="test_embed_cluster_basic" time="0.002" /><testcase classname="tests.unit.test_embedding" name="test_embed_cluster_copy" time="0.001" /><testcase classname="tests.unit.test_embedding" name="test_embed_cluster_inplace" time="0.001" /><testcase classname="tests.unit.test_embedding" name="test_embed_cluster_empty" time="0.004" /><testcase classname="tests.unit.test_embedding" name="test_embed_cluster_invalid_buffer" time="0.003" /><testcase classname="tests.unit.test_embedding" name="test_embed_cluster_large" time="0.002" /><testcase classname="tests.unit.test_embedding" name="test_embed_cluster_boundary_conditions" time="0.002" /><testcase classname="tests.unit.test_engine" name="test_lammps_engine_run" time="0.015" /><testcase classname="tests.unit.test_engine" name="test_lammps_engine_halted" time="0.012" /><testcase classname="tests.unit.test_engine" name="test_lammps_engine_hybrid_potential" time="0.013" /><testcase classname="tests.unit.test_engine" name="test_run_empty_structure_error" time="0.006" /><testcase classname="tests.unit.test_engine" name="test_run_missing_potential_error" time="0.004" /><testcase classname="tests.unit.test_engine" name="test_run_large_structure_warning" time="0.175" /><testcase classname="tests.unit.test_engine" name="test_run_driver_failure" time="0.012" /><testcase classname="tests.unit.test_engine_halt_step" name="test_lammps_engine_halt_step_populated" time="0.010" /><testcase classname="tests.unit.test_engine_halt_step" name="test_lammps_engine_halt_step_none_if_not_halted" time="0.010" /><testcase classname="tests.unit.test_engine_relax" name="test_lammps_engine_relax" time="0.009" /><testcase classname="tests.unit.test_engine_relax" name="test_lammps_engine_relax_missing_potential" time="0.002" /><testcase classname="tests.unit.test_engine_relax" name="test_lammps_engine_relax_driver_fail" time="0.071" /><testcase classname="tests.unit.test_eon_driver" name="test_eon_wrapper_init" time="0.001" /><testcase classname="tests.unit.test_eon_driver" name="test_eon_run" time="0.004" /><testcase classname="tests.unit.test_eon_driver" name="test_generate_pace_driver" time="0.003" /><testcase classname="tests.unit.test_eon_driver" name="test_parse_results" time="0.003" /><testcase classname="tests.unit.test_extraction" name="test_extract_local_region_basic" time="0.018" /><testcase classname="tests.unit.test_extraction" name="test_extract_local_region_pbc" time="0.017" /><testcase classname="tests.unit.test_factory" name="test_module_factory_create_modules" time="0.045" /><testcase classname="tests.unit.test_factory" name="test_module_factory_invalid_config" time="0.005" /><testcase classname="tests.unit.test_generator" name="test_cold_start_policy" time="0.002" /><testcase classname="tests.unit.test_generator" name="test_rattle_policy" time="0.003" /><testcase classname="tests.unit.test_generator" name="test_defect_policy" time="0.004" /><testcase classname="tests.unit.test_generator" name="test_strain_policy" time="0.004" /><testcase classname="tests.unit.test_generator" name="test_generator_invalid_composition" time="0.004" /><testcase classname="tests.unit.test_generator" name="test_generate_local" time="0.002" /><testcase classname="tests.unit.test_generator_local" name="test_generate_local_rattle" time="0.002" /><testcase classname="tests.unit.test_generator_local" name="test_generate_local_md_burst" time="0.005" /><testcase classname="tests.unit.test_io" name="test_load_yaml_valid" time="0.004" /><testcase classname="tests.unit.test_io" name="test_load_yaml_file_not_found" time="0.003" /><testcase classname="tests.unit.test_io" name="test_load_yaml_invalid_yaml" time="0.005" /><testcase classname="tests.unit.test_io" name="test_load_yaml_empty" time="0.005" /><testcase classname="tests.unit.test_io" name="test_load_yaml_not_dict" time="0.006" /><testcase classname="tests.unit.test_io" name="test_load_yaml_directory" time="0.005" /><testcase classname="tests.unit.test_io" name="test_load_config_valid" time="0.014" /><testcase classname="tests.unit.test_io" name="test_load_config_invalid" time="0.004" /><testcase classname="tests.unit.test_io" name="test_path_traversal_check" time="0.007" /><testcase classname="tests.unit.test_io" name="test_dump_yaml" time="0.005" /><testcase classname="tests.unit.test_io_manager" name="test_prepare_workspace" time="0.004" /><testcase classname="tests.unit.test_io_manager" name="test_prepare_workspace_large_structure_warning" time="0.093" /><testcase classname="tests.unit.test_lammps_driver" name="test_lammps_driver_init" time="0.002" /><testcase classname="tests.unit.test_lammps_driver" name="test_lammps_driver_init_failure" time="0.004" /><testcase classname="tests.unit.test_lammps_driver" name="test_lammps_driver_run" time="0.002" /><testcase classname="tests.unit.test_lammps_driver" name="test_lammps_driver_run_unsafe" time="0.004" /><testcase classname="tests.unit.test_lammps_driver" name="test_lammps_driver_run_forbidden_chars" time="0.004" /><testcase classname="tests.unit.test_lammps_driver" name="test_lammps_driver_run_forbidden_command" time="0.004" /><testcase classname="tests.unit.test_lammps_driver" name="test_lammps_driver_run_file_calls_command" time="0.004" /><testcase classname="tests.unit.test_lammps_driver" name="test_lammps_driver_run_shell" time="0.002" /><testcase classname="tests.unit.test_lammps_driver" name="test_lammps_driver_extract_variable" time="0.002" /><testcase classname="tests.unit.test_lammps_driver" name="test_lammps_driver_get_atoms" time="0.004" /><testcase classname="tests.unit.test_lammps_driver" name="test_lammps_driver_get_atoms_invalid_type" time="0.005" /><testcase classname="tests.unit.test_lammps_driver_security" name="test_validate_command_safe" time="0.002" /><testcase classname="tests.unit.test_lammps_driver_security" name="test_validate_command_unsafe_chars" time="0.007" /><testcase classname="tests.unit.test_lammps_driver_security" name="test_validate_command_shell_token" time="0.006" /><testcase classname="tests.unit.test_lammps_generator" name="test_generator_hybrid_potential" time="0.003" /><testcase classname="tests.unit.test_lammps_generator" name="test_generator_pure_pace" time="0.003" /><testcase classname="tests.unit.test_lammps_generator" name="test_generator_damping" time="0.004" /><testcase classname="tests.unit.test_lammps_generator" name="test_generator_atom_style" time="0.001" /><testcase classname="tests.unit.test_lammps_generator_reorder" name="test_lammps_generator_order" time="0.001" /><testcase classname="tests.unit.test_lammps_generator_reorder" name="test_lammps_generator_gamma_column" time="0.001" /><testcase classname="tests.unit.test_loop" name="test_loop_state_initialization" time="0.001" /><testcase classname="tests.unit.test_loop" name="test_loop_state_save_load" time="0.008" /><testcase classname="tests.unit.test_loop" name="test_loop_state_load_non_existent" time="0.002" /><testcase classname="tests.unit.test_loop" name="test_loop_state_validation_path_not_exists" time="0.005" /><testcase classname="tests.unit.test_loop" name="test_loop_state_validation_path_is_dir" time="0.005" /><testcase classname="tests.unit.test_loop" name="test_loop_state_validation_path_traversal" time="0.006" /><testcase classname="tests.unit.test_loop" name="test_loop_state_corrupted_load" time="0.005" /><testcase classname="tests.unit.test_main" name="test_main_dry_run" time="0.014" /><testcase classname="tests.unit.test_main" name="test_main_file_not_found" time="0.005" /><testcase classname="tests.unit.test_main" name="test_main_run" time="0.016" /><testcase classname="tests.unit.test_main_scenario" name="test_main_with_scenario_flag" time="0.007" /><testcase classname="tests.unit.test_main_scenario" name="test_main_without_scenario_flag" time="0.007" /><testcase classname="tests.unit.test_oracle" name="test_dft_manager_compute_success" time="0.005" /><testcase classname="tests.unit.test_oracle" name="test_dft_manager_self_healing" time="0.005" /><testcase classname="tests.unit.test_oracle" name="test_dft_manager_fatal_error" time="0.008" /><testcase classname="tests.unit.test_oracle" name="test_dft_manager_setup_error" time="0.005" /><testcase classname="tests.unit.test_oracle" name="test_dft_manager_strategies" time="0.003" /><testcase classname="tests.unit.test_oracle" name="test_dft_manager_invalid_input" time="0.005" /><testcase classname="tests.unit.test_oracle" name="test_dft_manager_empty_iterator" time="0.009" /><testcase classname="tests.unit.test_oracle" name="test_dft_manager_embedding" time="0.006" /><testcase classname="tests.unit.test_oracle_streaming" name="test_dft_manager_streaming_behavior" time="0.009" /><testcase classname="tests.unit.test_perturbations" name="test_rattle" time="0.003" /><testcase classname="tests.unit.test_perturbations" name="test_apply_strain" time="0.003" /><testcase classname="tests.unit.test_perturbations" name="test_create_vacancy" time="0.004" /><testcase classname="tests.unit.test_phonons.TestPhononCalculator" name="test_check_stability_stable" time="0.055" /><testcase classname="tests.unit.test_phonons.TestPhononCalculator" name="test_check_stability_unstable" time="0.033" /><testcase classname="tests.unit.test_policies_new" name="test_composite_policy_distribution" time="0.002" /><testcase classname="tests.unit.test_policies_new" name="test_md_micro_burst_policy" time="0.005" /><testcase classname="tests.unit.test_policies_new" name="test_md_micro_burst_fallback" time="0.001" /><testcase classname="tests.unit.test_policies_new" name="test_normal_mode_policy_fallback" time="0.001" /><testcase classname="tests.unit.test_policy_factory" name="test_get_policy_single" time="0.001" /><testcase classname="tests.unit.test_policy_factory" name="test_get_policy_composite" time="0.001" /><testcase classname="tests.unit.test_policy_factory" name="test_get_local_policy" time="0.001" /><testcase classname="tests.unit.test_qe_driver" name="test_qe_driver_kpoints_parametrized[pbc0-1.0]" time="0.006" /><testcase classname="tests.unit.test_qe_driver" name="test_qe_driver_kpoints_parametrized[pbc1-0.0]" time="0.005" /><testcase classname="tests.unit.test_qe_driver" name="test_qe_driver_kpoints_parametrized[pbc2-1.0]" time="0.005" /><testcase classname="tests.unit.test_qe_driver" name="test_qe_driver_kpoints_zero_length" time="0.004" /><testcase classname="tests.unit.test_qe_driver" name="test_qe_driver_invalid_input" time="0.010" /><testcase classname="tests.unit.test_qe_driver" name="test_qe_driver_parameters" time="0.004" /><testcase classname="tests.unit.test_qe_driver" name="test_qe_driver_directory_argument" time="0.005" /><testcase classname="tests.unit.test_report" name="test_generate_report_pass" time="0.017" /><testcase classname="tests.unit.test_report" name="test_generate_report_fail" time="0.015" /><testcase classname="tests.unit.test_scenarios" name="test_scenario_init" time="0.005" /><testcase classname="tests.unit.test_scenarios" name="test_scenario_run" time="0.008" /><testcase classname="tests.unit.test_scenarios" name="test_generate_surface_step" time="0.007" /><testcase classname="tests.unit.test_streaming_io" name="test_stream_write_chunking" time="0.008" /><testcase classname="tests.unit.test_streaming_io" name="test_stream_write_append_mode" time="0.008" /><testcase classname="tests.unit.test_trainer_pacemaker" name="test_train_missing_executable" time="0.006" /><testcase classname="tests.unit.test_trainer_pacemaker" name="test_train_element_detection_scanning" time="0.010" /><testcase classname="tests.unit.test_trainer_pacemaker" name="test_train_validation_empty_file" time="0.004" /><testcase classname="tests.unit.test_trainer_pacemaker" name="test_train_process_fail_util" time="0.012" /><testcase classname="tests.unit.test_trainer_pacemaker" name="test_train_initial_potential" time="0.006" /><testcase classname="tests.unit.test_trainer_pacemaker" name="test_train_initial_potential_missing" time="0.013" /><testcase classname="tests.unit.test_validator.TestValidator" name="test_validate_pass" time="0.005" /><testcase classname="tests.unit.test_validator.TestValidator" name="test_validate_fail_phonon" time="0.005" /><testcase classname="tests.unit.test_validator.TestValidator" name="test_relax_structure" time="0.003" /><testcase classname="tests.unit.test_validator.TestValidator" name="test_validate_structure_invalid_element" time="0.003" /><testcase classname="tests.unit.test_validator_security.TestLammpsInputValidator" name="test_validate_potential_valid_tmp" time="0.003" /><testcase classname="tests.unit.test_validator_security.TestLammpsInputValidator" name="test_validate_potential_valid_cwd" time="0.002" /><testcase classname="tests.unit.test_validator_security.TestLammpsInputValidator" name="test_validate_potential_not_found" time="0.001" /><testcase classname="tests.unit.test_validator_security.TestLammpsInputValidator" name="test_validate_potential_not_file" time="0.004" /><testcase classname="tests.unit.test_validator_security.TestLammpsInputValidator" name="test_validate_potential_outside_allowed" time="0.004" /><testcase classname="tests.unit.test_validator_security.TestLammpsInputValidator" name="test_validate_potential_symlink_traversal" time="0.003" /><testcase classname="tests.unit.test_validator_security.TestLammpsInputValidator" name="test_validate_potential_relative_traversal" time="0.003" /></testsuite></testsuites>